------------------------------------------------------------
Timing Analyzer Summary
------------------------------------------------------------

Type  : Slow 1100mV 85C Model Setup 'clk'
Slack : -7.950
TNS   : -23.697

Type  : Slow 1100mV 85C Model Hold 'clk'
Slack : 0.327
TNS   : 0.000

Type  : Slow 1100mV 85C Model Minimum Pulse Width 'clk'
Slack : -0.394
TNS   : -2.635

Type  : Slow 1100mV 0C Model Setup 'clk'
Slack : -7.954
TNS   : -23.711

Type  : Slow 1100mV 0C Model Hold 'clk'
Slack : 0.310
TNS   : 0.000

Type  : Slow 1100mV 0C Model Minimum Pulse Width 'clk'
Slack : -0.394
TNS   : -2.898

Type  : Fast 1100mV 85C Model Setup 'clk'
Slack : -5.207
TNS   : -15.587

Type  : Fast 1100mV 85C Model Hold 'clk'
Slack : 0.181
TNS   : 0.000

Type  : Fast 1100mV 85C Model Minimum Pulse Width 'clk'
Slack : -0.075
TNS   : -0.371

Type  : Fast 1100mV 0C Model Setup 'clk'
Slack : -4.919
TNS   : -14.728

Type  : Fast 1100mV 0C Model Hold 'clk'
Slack : 0.169
TNS   : 0.000

Type  : Fast 1100mV 0C Model Minimum Pulse Width 'clk'
Slack : -0.079
TNS   : -0.391

------------------------------------------------------------
